/bin/sh: jcc.exe: command not found
./dummydefs.c:
Page Option Hint -z97206 (180 max. used of 4096)
JCC-RC:0, Total Time:9ms
./lapi.c:
Page Option Hint -z35775 (528 max. used of 4096)
JCC-RC:0, Total Time:63ms
./lauxlib.c:
Page Option Hint -z36263 (520 max. used of 4096)
JCC-RC:0, Total Time:74ms
./lbaselib.c:
Page Option Hint -z38663 (484 max. used of 4096)
JCC-RC:0, Total Time:21ms
./lbitlib.c:
Page Option Hint -z250723 (68 max. used of 4096)
JCC-RC:0, Total Time:12ms
./lcode.c:
Page Option Hint -z35775 (528 max. used of 4096)
JCC-RC:0, Total Time:36ms
./lcorolib.c:
Page Option Hint -z44721 (412 max. used of 4096)
JCC-RC:0, Total Time:17ms
./lctype.c:
Page Option Hint -z32000 (0 max. used of 4096)
JCC-RC:0, Total Time:10ms
./ldblib.c:
Page Option Hint -z41117 (452 max. used of 4096)
JCC-RC:0, Total Time:18ms
./ldebug.c:
Page Option Hint -z35068 (540 max. used of 4096)
JCC-RC:0, Total Time:33ms
./ldo.c:
Page Option Hint -z37825 (496 max. used of 4096)
JCC-RC:0, Total Time:31ms
./ldump.c:
Page Option Hint -z43568 (424 max. used of 4096)
JCC-RC:0, Total Time:17ms
./lfunc.c:
Page Option Hint -z48620 (376 max. used of 4096)
JCC-RC:0, Total Time:16ms
./lgc.c:
Page Option Hint -z34174 (556 max. used of 4096)
JCC-RC:0, Total Time:36ms
./linit.c:
Page Option Hint -z135072 (128 max. used of 4096)
JCC-RC:0, Total Time:12ms
./liolib.c:
Page Option Hint -z46366 (396 max. used of 4096)
JCC-RC:0, Total Time:24ms
./llex.c:
Page Option Hint -z28966 (672 max. used of 4096)
JCC-RC:0, Total Time:31ms
./lmathlib.c:
Page Option Hint -z42836 (432 max. used of 4096)
JCC-RC:0, Total Time:17ms
./lmem.c:
Page Option Hint -z58471 (308 max. used of 4096)
JCC-RC:0, Total Time:16ms
./loadlib.c:
Page Option Hint -z41449 (448 max. used of 4096)
JCC-RC:0, Total Time:18ms
./lobject.c:
Page Option Hint -z31962 (600 max. used of 4096)
JCC-RC:0, Total Time:25ms
./lopcodes.c:
Page Option Hint -z32000 (0 max. used of 4096)
JCC-RC:0, Total Time:12ms
./loslib.c:
Page Option Hint -z46366 (396 max. used of 4096)
JCC-RC:0, Total Time:58ms
./lparser.c:
Page Option Hint -z37026 (508 max. used of 4096)
JCC-RC:0, Total Time:46ms
./lstate.c:
Page Option Hint -z50603 (360 max. used of 4096)
JCC-RC:0, Total Time:19ms
./lstring.c:
Page Option Hint -z40792 (456 max. used of 4096)
JCC-RC:0, Total Time:18ms
./lstrlib.c:
Page Option Hint -z30715 (628 max. used of 4096)
JCC-RC:0, Total Time:85ms
./ltable.c:
Page Option Hint -z27967 (700 max. used of 4096)
JCC-RC:0, Total Time:28ms
./ltablib.c:
Page Option Hint -z42130 (440 max. used of 4096)
JCC-RC:0, Total Time:19ms
./ltm.c:
Page Option Hint -z45527 (404 max. used of 4096)
JCC-RC:0, Total Time:19ms
./lundump.c:
Page Option Hint -z39246 (476 max. used of 4096)
JCC-RC:0, Total Time:21ms
./lutf8lib.c:
Page Option Hint -z45943 (400 max. used of 4096)
JCC-RC:0, Total Time:17ms
./lvm.c:
Page Option Hint -z28966 (672 max. used of 4096)
JCC-RC:0, Total Time:67ms
./lzio.c:
Page Option Hint -z59188 (304 max. used of 4096)
JCC-RC:0, Total Time:17ms
./lua.c:
Page Option Hint -z35068 (540 max. used of 4096)
JCC-RC:0, Total Time:20ms
Mapping athreadid                                ST000000
Mapping _exec_vector                             ST000001
Mapping __libc_amode                             ST000002
Mapping __libc_noexp                             ST000003
Mapping __init_stack_size                        ST000004
Mapping __load_args                              ST000005
Mapping __stdio_init                             ST000006
Mapping __load_env                               ST000007
Mapping __init_threads                           ST000008
Mapping EnterCriticalSection                     ST000009
Mapping LeaveCriticalSection                     ST000010
Mapping __socks_thread_term                      ST000011
Mapping debug_server                             ST000012
Mapping start_debug                              ST000013
Mapping endthread                                ST000014
Mapping __term_threads                           ST000015
Mapping __fcloseall                              ST000016
Mapping stop_debug                               ST000017
Mapping __libc_free_all                          ST000018
Mapping __StartClock                             ST000019
Mapping __libc_ECS                               ST000020
Mapping __libc_LCS                               ST000021
Mapping __libc_STT                               ST000022
Mapping __libc_expmem                            ST000023
Mapping __debug_server                           ST000024
Mapping __environ                                ST000025
Mapping __progname                               ST000026
Mapping __libc_arch                              ST000027
Mapping __libc_oarch                             ST000028
Mapping __libc_mode                              ST000029
Mapping __libc_osvm                              ST000030
Mapping __libc_heap_used                         ST000031
Mapping __libc_heap_max                          ST000032
Mapping __libc_stack_used                        ST000033
Mapping __libc_stack_max                         ST000034
Mapping __libc_tso_status                        ST000035
Mapping __libc_stack_start                       ST000036
Mapping entry_R13                                ST000037
Mapping a_estspie2                               ST000038
Mapping a_rstspie2                               ST000039
Mapping setlocale                                ST000040
Mapping localeconv                               ST000041
Mapping lconv_dummy                              ST000042
Mapping luaV_objlen                              ST000043
Mapping luaV_concat                              ST000044
Mapping luaV_finishset                           ST000045
Mapping luaV_finishget                           ST000046
Mapping luaV_tointeger                           ST000047
Mapping luaV_tonumber_                           ST000048
Mapping luaV_lessequal                           ST000049
Mapping luaV_lessthan                            ST000050
Mapping luaV_equalobj                            ST000051
Mapping luaU_dump                                ST000052
Mapping luaH_getn                                ST000053
Mapping luaH_next                                ST000054
Mapping luaH_resize                              ST000055
Mapping luaH_getstr                              ST000056
Mapping luaH_setint                              ST000057
Mapping luaH_getint                              ST000058
Mapping luaS_newlstr                             ST000059
Mapping luaS_newudata                            ST000060
Mapping luaC_upvdeccount                         ST000061
Mapping luaC_checkfinalizer                      ST000062
Mapping luaC_upvalbarrier_                       ST000063
Mapping luaC_barrierback_                        ST000064
Mapping luaC_barrier_                            ST000065
Mapping luaC_fullgc                              ST000066
Mapping luaC_step                                ST000067
Mapping luaF_newCclosure                         ST000068
Mapping luaD_rawrunprotected                     ST000069
Mapping luaD_growstack                           ST000070
Mapping luaD_pcall                               ST000071
Mapping luaD_callnoyield                         ST000072
Mapping luaD_call                                ST000073
Mapping luaD_protectedparser                     ST000074
Mapping luaG_errormsg                            ST000075
Mapping luaE_setdebt                             ST000076
Mapping luaZ_init                                ST000077
Mapping luaT_typenames_                          ST000078
Mapping luaO_pushvfstring                        ST000079
Mapping luaO_tostring                            ST000080
Mapping luaO_str2num                             ST000081
Mapping luaO_arith                               ST000082
Mapping luaO_nilobject_                          ST000083
Mapping lua_checkstack                           ST000084
Mapping lua_xmove                                ST000085
Mapping lua_atpanic                              ST000086
Mapping lua_version                              ST000087
Mapping lua_absindex                             ST000088
Mapping lua_gettop                               ST000089
Mapping lua_settop                               ST000090
Mapping lua_rotate                               ST000091
Mapping lua_pushvalue                            ST000092
Mapping lua_typename                             ST000093
Mapping lua_iscfunction                          ST000094
Mapping lua_isinteger                            ST000095
Mapping lua_isnumber                             ST000096
Mapping lua_isstring                             ST000097
Mapping lua_isuserdata                           ST000098
Mapping lua_rawequal                             ST000099
Mapping lua_arith                                ST000100
Mapping lua_compare                              ST000101
Mapping lua_stringtonumber                       ST000102
Mapping lua_tonumberx                            ST000103
Mapping lua_tointegerx                           ST000104
Mapping lua_toboolean                            ST000105
Mapping lua_tolstring                            ST000106
Mapping lua_rawlen                               ST000107
Mapping lua_tocfunction                          ST000108
Mapping lua_touserdata                           ST000109
Mapping lua_tothread                             ST000110
Mapping lua_topointer                            ST000111
Mapping lua_pushnil                              ST000112
Mapping lua_pushnumber                           ST000113
Mapping lua_pushinteger                          ST000114
Mapping lua_pushlstring                          ST000115
Mapping lua_pushstring                           ST000116
Mapping lua_pushvfstring                         ST000117
Mapping lua_pushfstring                          ST000118
Mapping lua_pushcclosure                         ST000119
Mapping lua_pushboolean                          ST000120
Mapping lua_pushlightuserdata                    ST000121
Mapping lua_pushthread                           ST000122
Mapping lua_getglobal                            ST000123
Mapping lua_gettable                             ST000124
Mapping lua_getfield                             ST000125
Mapping lua_rawget                               ST000126
Mapping lua_rawgeti                              ST000127
Mapping lua_rawgetp                              ST000128
Mapping lua_createtable                          ST000129
Mapping lua_getmetatable                         ST000130
Mapping lua_getuservalue                         ST000131
Mapping lua_setglobal                            ST000132
Mapping lua_settable                             ST000133
Mapping lua_setfield                             ST000134
Mapping lua_rawset                               ST000135
Mapping lua_rawseti                              ST000136
Mapping lua_rawsetp                              ST000137
Mapping lua_setmetatable                         ST000138
Mapping lua_setuservalue                         ST000139
Mapping lua_callk                                ST000140
Mapping lua_pcallk                               ST000141
Mapping lua_status                               ST000142
Mapping lua_error                                ST000143
Mapping lua_concat                               ST000144
Mapping lua_getallocf                            ST000145
Mapping lua_setallocf                            ST000146
Mapping lua_newuserdata                          ST000147
Mapping lua_getupvalue                           ST000148
Mapping lua_setupvalue                           ST000149
Mapping lua_upvalueid                            ST000150
Mapping lua_upvaluejoin                          ST000151
Mapping lua_ident                                ST000152
Mapping lua_getinfo                              ST000153
Mapping lua_getstack                             ST000154
Mapping lua_newstate                             ST000155
Mapping luaL_traceback                           ST000156
Mapping luaL_argerror                            ST000157
Mapping luaL_where                               ST000158
Mapping luaL_error                               ST000159
Mapping luaL_fileresult                          ST000160
Mapping luaL_execresult                          ST000161
Mapping luaL_newmetatable                        ST000162
Mapping luaL_setmetatable                        ST000163
Mapping luaL_testudata                           ST000164
Mapping luaL_checkudata                          ST000165
Mapping luaL_checkoption                         ST000166
Mapping luaL_checkstack                          ST000167
Mapping luaL_checktype                           ST000168
Mapping luaL_checkany                            ST000169
Mapping luaL_checklstring                        ST000170
Mapping luaL_optlstring                          ST000171
Mapping luaL_checknumber                         ST000172
Mapping luaL_optnumber                           ST000173
Mapping luaL_checkinteger                        ST000174
Mapping luaL_optinteger                          ST000175
Mapping luaL_prepbuffsize                        ST000176
Mapping luaL_addlstring                          ST000177
Mapping luaL_addstring                           ST000178
Mapping luaL_pushresult                          ST000179
Mapping luaL_pushresultsize                      ST000180
Mapping luaL_addvalue                            ST000181
Mapping luaL_buffinit                            ST000182
Mapping luaL_buffinitsize                        ST000183
Mapping luaL_unref                               ST000184
Mapping luaL_loadfilex                           ST000185
Mapping luaL_loadbufferx                         ST000186
Mapping luaL_loadstring                          ST000187
Mapping luaL_getmetafield                        ST000188
Mapping luaL_callmeta                            ST000189
Mapping luaL_tolstring                           ST000190
Mapping luaL_setfuncs                            ST000191
Mapping luaL_getsubtable                         ST000192
Mapping luaL_requiref                            ST000193
Mapping luaL_gsub                                ST000194
Mapping luaL_newstate                            ST000195
Mapping luaL_checkversion_                       ST000196
Mapping luaopen_base                             ST000197
Mapping luaopen_bit32                            ST000198
Mapping luaP_opmodes                             ST000199
Mapping luaX_syntaxerror                         ST000200
Mapping luaM_growaux_                            ST000201
Mapping luaK_concat                              ST000202
Mapping luaK_jump                                ST000203
Mapping luaK_getlabel                            ST000204
Mapping luaK_patchtohere                         ST000205
Mapping luaK_patchlist                           ST000206
Mapping luaK_patchclose                          ST000207
Mapping luaK_codeABC                             ST000208
Mapping luaK_codeABx                             ST000209
Mapping luaK_codek                               ST000210
Mapping luaK_checkstack                          ST000211
Mapping luaK_reserveregs                         ST000212
Mapping luaK_stringK                             ST000213
Mapping luaK_intK                                ST000214
Mapping luaK_setreturns                          ST000215
Mapping luaK_setoneret                           ST000216
Mapping luaK_dischargevars                       ST000217
Mapping luaK_exp2nextreg                         ST000218
Mapping luaK_exp2anyreg                          ST000219
Mapping luaK_exp2anyregup                        ST000220
Mapping luaK_exp2val                             ST000221
Mapping luaK_exp2RK                              ST000222
Mapping luaK_storevar                            ST000223
Mapping luaK_self                                ST000224
Mapping luaK_goiftrue                            ST000225
Mapping luaK_goiffalse                           ST000226
Mapping luaK_indexed                             ST000227
Mapping luaK_prefix                              ST000228
Mapping luaK_infix                               ST000229
Mapping luaK_posfix                              ST000230
Mapping luaK_fixline                             ST000231
Mapping luaK_setlist                             ST000232
Mapping lua_isyieldable                          ST000233
Mapping lua_resume                               ST000234
Mapping lua_yieldk                               ST000235
Mapping lua_newthread                            ST000236
Mapping luaopen_coroutine                        ST000237
Mapping lua_gethookcount                         ST000238
Mapping lua_gethookmask                          ST000239
Mapping lua_gethook                              ST000240
Mapping lua_sethook                              ST000241
Mapping lua_setlocal                             ST000242
Mapping lua_getlocal                             ST000243
Mapping luaopen_debug                            ST000244
Mapping luaF_getlocalname                        ST000245
Mapping luaD_throw                               ST000246
Mapping luaD_hook                                ST000247
Mapping luaT_objtypename                         ST000248
Mapping luaO_chunkid                             ST000249
Mapping luaO_pushfstring                         ST000250
Mapping luaG_typeerror                           ST000251
Mapping luaG_concaterror                         ST000252
Mapping luaG_opinterror                          ST000253
Mapping luaG_tointerror                          ST000254
Mapping luaG_ordererror                          ST000255
Mapping luaG_addinfo                             ST000256
Mapping luaG_runerror                            ST000257
Mapping luaG_traceexec                           ST000258
Mapping luaV_execute                             ST000259
Mapping luaV_finishOp                            ST000260
Mapping luaU_undump                              ST000261
Mapping luaY_parser                              ST000262
Mapping luaF_close                               ST000263
Mapping luaF_initupvals                          ST000264
Mapping luaE_shrinkCI                            ST000265
Mapping luaE_freeCI                              ST000266
Mapping luaE_extendCI                            ST000267
Mapping luaZ_fill                                ST000268
Mapping luaM_realloc_                            ST000269
Mapping luaM_toobig                              ST000270
Mapping luaT_gettmbyobj                          ST000271
Mapping luaD_reallocstack                        ST000272
Mapping luaD_shrinkstack                         ST000273
Mapping luaD_inctop                              ST000274
Mapping luaD_poscall                             ST000275
Mapping luaD_precall                             ST000276
Mapping luaC_newobj                              ST000277
Mapping luaF_newLclosure                         ST000278
Mapping luaF_findupval                           ST000279
Mapping luaF_newproto                            ST000280
Mapping luaF_freeproto                           ST000281
Mapping luaH_free                                ST000282
Mapping luaS_remove                              ST000283
Mapping luaS_clearcache                          ST000284
Mapping luaS_resize                              ST000285
Mapping luaE_freethread                          ST000286
Mapping luaT_gettm                               ST000287
Mapping luaC_freeallobjects                      ST000288
Mapping luaC_runtilstate                         ST000289
Mapping luaopen_package                          ST000290
Mapping luaopen_math                             ST000291
Mapping luaopen_utf8                             ST000292
Mapping luaopen_string                           ST000293
Mapping luaopen_os                               ST000294
Mapping luaopen_io                               ST000295
Mapping luaopen_table                            ST000296
Mapping luaL_openlibs                            ST000297
Mapping luaO_hexavalue                           ST000298
Mapping luaO_utf8esc                             ST000299
Mapping luaX_init                                ST000300
Mapping luaX_token2str                           ST000301
Mapping luaX_newstring                           ST000302
Mapping luaX_setinput                            ST000303
Mapping luaX_next                                ST000304
Mapping luaX_lookahead                           ST000305
Mapping __infinity                               ST000306
Mapping luaV_shiftl                              ST000307
Mapping luaT_trybinTM                            ST000308
Mapping luaO_int2fb                              ST000309
Mapping luaO_fb2int                              ST000310
Mapping luaO_ceillog2                            ST000311
Mapping luaP_opnames                             ST000312
Mapping lua_close                                ST000313
Mapping localtime                                ST000314
Mapping luaS_init                                ST000315
Mapping luaS_hash                                ST000316
Mapping luaT_init                                ST000317
Mapping luaS_eqlngstr                            ST000318
Mapping luaS_hashlongstr                         ST000319
Mapping luaS_createlngstrobj                     ST000320
Mapping luaH_resizearray                         ST000321
Mapping luaH_newkey                              ST000322
Mapping luaH_getshortstr                         ST000323
Mapping luaT_callTM                              ST000324
Mapping luaT_callbinTM                           ST000325
Mapping luaT_callorderTM                         ST000326
Mapping luaZ_read                                ST000327
Mapping __udivdi3                                ST000328
Mapping _L_Sockets                               ST000329
Mapping _C_Sockets                               ST000330
Mapping _U_Sockets                               ST000331
Mapping athreadlock                              ST000332
Mapping athreadpost                              ST000333
Mapping athreadwait                              ST000334
Mapping athreaddtch                              ST000335
Mapping athreadstatus                            ST000336
Mapping athreadpri                               ST000337
Mapping athreadstart                             ST000338
Mapping threadstart                              ST000339
Mapping closesocket                              ST000340
Mapping ioctlsocket                              ST000341
Mapping SetNative                                ST000342
Mapping MYTERMONi                                ST000343
Mapping MYTERMFFi                                ST000344
Mapping panel_port                               ST000345
Mapping panel_running                            ST000346
Mapping _copysign                                ST000347
Mapping z_complete_write                         ST000348
Mapping __int_handles                            ST000349
Mapping __uss_generic                            ST000350
Mapping pushbackc                                ST000351
Mapping localtime_r                              ST000352
Mapping __malloc24                               ST000353
Mapping __get_tmpddn                             ST000354
Mapping __get_ddndsnmemb                         ST000355
Mapping __dd_name                                ST000356
Mapping __libc_ussok                             ST000357
Mapping __getdcba                                ST000358
Mapping __setstow                                ST000359
Mapping _truncate                                ST000360
Mapping filelength                               ST000361
Mapping __malloc31                               ST000362
Mapping __libc_memvm                             ST000363
Mapping rawmemchr                                ST000364
Mapping __rawmemchr                              ST000365
Mapping _CIB_STOP                                ST000366
Mapping _write2log                               ST000367
Mapping _write2op                                ST000368
Mapping _write2opr                               ST000369
Mapping _setjmp_stae                             ST000370
Mapping _setjmp_canc                             ST000371
Mapping _setstax_canc                            ST000372
Mapping _testauth                                ST000373
Mapping __strerror_r                             ST000374
Mapping vsnprintf                                ST000375
Mapping __subtask                                ST000376
Mapping WSAGetLastError                          ST000377
Mapping ascii2ebcdic                             ST000378
Mapping ebcdic2ascii                             ST000379
Mapping inet_addr                                ST000380
Mapping inet_aton                                ST000381
Mapping gethostid                                ST000382
Mapping gethostname                              ST000383
Mapping getpeername                              ST000384
Mapping getsockname                              ST000385
Mapping getsockopt                               ST000386
Mapping readsocket                               ST000387
Mapping setsockopt                               ST000388
Mapping writesocket                              ST000389
Mapping getclientid                              ST000390
Mapping givesocket                               ST000391
Mapping takesocket                               ST000392
Mapping getibmopt                                ST000393
Mapping gethostbyname                            ST000394
Mapping gethostbyaddr                            ST000395
Mapping give_task                                ST000396
Mapping give_easy                                ST000397
Mapping take_easy                                ST000398
Mapping __jcc_FD_SETSIZE                         ST000399
Mapping _fflushall                               ST000400
Mapping fcloseall                                ST000401
Mapping strcasecmp                               ST000402
Mapping strncasecmp                              ST000403
Mapping InitialiseCriticalSection                ST000404
Mapping beginthread                              ST000405
Mapping threadstatus                             ST000406
Mapping threadpriority                           ST000407
Mapping syncthread                               ST000408
Mapping systemTSO                                ST000409
Mapping CreateEvent                              ST000410
Mapping ResetEvent                               ST000411
Mapping EventStatus                              ST000412
Mapping WaitForSingleEvent                       ST000413
Mapping WaitForMultipleEvents                    ST000414
Mapping CloseEvent                               ST000415
Mapping gettimeofday                             ST000416

Linking <../objs\crt0.obj>
Linking <dummydefs.obj>
Linking <lapi.obj>
Linking <lauxlib.obj>
Linking <lbaselib.obj>
Linking <lbitlib.obj>
Linking <lcode.obj>
Linking <lcorolib.obj>
Linking <lctype.obj>
Linking <ldblib.obj>
Linking <ldebug.obj>
Linking <ldo.obj>
Linking <ldump.obj>
Linking <lfunc.obj>
Linking <lgc.obj>
Linking <linit.obj>
Linking <liolib.obj>
Linking <llex.obj>
Linking <lmathlib.obj>
Linking <lmem.obj>
Linking <loadlib.obj>
Linking <lobject.obj>
Linking <lopcodes.obj>
Linking <loslib.obj>
Linking <lparser.obj>
Linking <lstate.obj>
Linking <lstring.obj>
Linking <lstrlib.obj>
Linking <ltable.obj>
Linking <ltablib.obj>
Linking <ltm.obj>
Linking <lundump.obj>
Linking <lutf8lib.obj>
Linking <lvm.obj>
Linking <lzio.obj>
Linking <lua.obj>
Linking <../objs\@div64.obj>
Linking <../objs\abs.obj>
Linking <../objs\acos.obj>
Linking <../objs\amalloc.obj>
Linking <../objs\args.obj>
Linking <../objs\asin.obj>
Linking <../objs\atan.obj>
Linking <../objs\atan2.obj>
Linking <../objs\athreads.obj>
Linking <../objs\ceil.obj>
Linking <../objs\cos.obj>
Linking <../objs\ctype.obj>
Linking <../objs\div.obj>
Linking <../objs\div64.obj>
Linking <../objs\exdyn76.obj>
Linking <../objs\exp.obj>
Linking <../objs\fabs.obj>
Linking <../objs\float.obj>
Linking <../objs\floor.obj>
Linking <../objs\fltdigit.obj>
Linking <../objs\fmod.obj>
Linking <../objs\fprintf.obj>
Linking <../objs\frexp.obj>
Linking <../objs\fstrstr.obj>
Linking <../objs\getenv.obj>
Linking <../objs\gets.obj>
Linking <../objs\gmtime.obj>
Linking <../objs\io.obj>
Linking <../objs\iomvs.obj>
Linking <../objs\ldexp.obj>
Linking <../objs\log.obj>
Linking <../objs\log10.obj>
Linking <../objs\lowlevio.obj>
Linking <../objs\lseek.obj>
Linking <../objs\malloc.obj>
Linking <../objs\mktime.obj>
Linking <../objs\modf.obj>
Linking <../objs\pow.obj>
Linking <../objs\rand.obj>
Linking <../objs\realloc.obj>
Linking <../objs\rename.obj>
Linking <../objs\setjmp.obj>
Linking <../objs\signal.obj>
Linking <../objs\sin.obj>
Linking <../objs\sincos.obj>
Linking <../objs\sprintf.obj>
Linking <../objs\sqrt.obj>
Linking <../objs\sstrstr.obj>
Linking <../objs\stdio.obj>
Linking <../objs\strcat.obj>
Linking <../objs\strchr.obj>
Linking <../objs\strcmp.obj>
Linking <../objs\strerror.obj>
Linking <../objs\strftime.obj>
Linking <../objs\strlwr.obj>
Linking <../objs\strpbrk.obj>
Linking <../objs\strspn.obj>
Linking <../objs\strstr.obj>
Linking <../objs\strtol.obj>
Linking <../objs\strupr.obj>
Linking <../objs\tan.obj>
Linking <../objs\tancot.obj>
Linking <../objs\threads.obj>
Linking <../objs\time.obj>
Linking <../objs\tolower.obj>
Linking <../objs\toupper.obj>
Linking <../objs\unlink.obj>
Linking <../objs\vfprintf.obj>
Linking <../objs\vsprintf.obj>
Linking <../objs\ussio.obj>
PLK-RC:0, Total Time:422ms

./luac.c:
Page Option Hint -z33746 (564 max. used of 4096)
JCC-RC:0, Total Time:27ms
Mapping athreadid                                ST000000
Mapping _exec_vector                             ST000001
Mapping __libc_amode                             ST000002
Mapping __libc_noexp                             ST000003
Mapping __init_stack_size                        ST000004
Mapping __load_args                              ST000005
Mapping __stdio_init                             ST000006
Mapping __load_env                               ST000007
Mapping __init_threads                           ST000008
Mapping EnterCriticalSection                     ST000009
Mapping LeaveCriticalSection                     ST000010
Mapping __socks_thread_term                      ST000011
Mapping debug_server                             ST000012
Mapping start_debug                              ST000013
Mapping endthread                                ST000014
Mapping __term_threads                           ST000015
Mapping __fcloseall                              ST000016
Mapping stop_debug                               ST000017
Mapping __libc_free_all                          ST000018
Mapping __StartClock                             ST000019
Mapping __libc_ECS                               ST000020
Mapping __libc_LCS                               ST000021
Mapping __libc_STT                               ST000022
Mapping __libc_expmem                            ST000023
Mapping __debug_server                           ST000024
Mapping __environ                                ST000025
Mapping __progname                               ST000026
Mapping __libc_arch                              ST000027
Mapping __libc_oarch                             ST000028
Mapping __libc_mode                              ST000029
Mapping __libc_osvm                              ST000030
Mapping __libc_heap_used                         ST000031
Mapping __libc_heap_max                          ST000032
Mapping __libc_stack_used                        ST000033
Mapping __libc_stack_max                         ST000034
Mapping __libc_tso_status                        ST000035
Mapping __libc_stack_start                       ST000036
Mapping entry_R13                                ST000037
Mapping a_estspie2                               ST000038
Mapping a_rstspie2                               ST000039
Mapping setlocale                                ST000040
Mapping localeconv                               ST000041
Mapping lconv_dummy                              ST000042
Mapping luaV_objlen                              ST000043
Mapping luaV_concat                              ST000044
Mapping luaV_finishset                           ST000045
Mapping luaV_finishget                           ST000046
Mapping luaV_tointeger                           ST000047
Mapping luaV_tonumber_                           ST000048
Mapping luaV_lessequal                           ST000049
Mapping luaV_lessthan                            ST000050
Mapping luaV_equalobj                            ST000051
Mapping luaU_dump                                ST000052
Mapping luaH_getn                                ST000053
Mapping luaH_next                                ST000054
Mapping luaH_resize                              ST000055
Mapping luaH_getstr                              ST000056
Mapping luaH_setint                              ST000057
Mapping luaH_getint                              ST000058
Mapping luaS_newlstr                             ST000059
Mapping luaS_newudata                            ST000060
Mapping luaC_upvdeccount                         ST000061
Mapping luaC_checkfinalizer                      ST000062
Mapping luaC_upvalbarrier_                       ST000063
Mapping luaC_barrierback_                        ST000064
Mapping luaC_barrier_                            ST000065
Mapping luaC_fullgc                              ST000066
Mapping luaC_step                                ST000067
Mapping luaF_newCclosure                         ST000068
Mapping luaD_rawrunprotected                     ST000069
Mapping luaD_growstack                           ST000070
Mapping luaD_pcall                               ST000071
Mapping luaD_callnoyield                         ST000072
Mapping luaD_call                                ST000073
Mapping luaD_protectedparser                     ST000074
Mapping luaG_errormsg                            ST000075
Mapping luaE_setdebt                             ST000076
Mapping luaZ_init                                ST000077
Mapping luaT_typenames_                          ST000078
Mapping luaO_pushvfstring                        ST000079
Mapping luaO_tostring                            ST000080
Mapping luaO_str2num                             ST000081
Mapping luaO_arith                               ST000082
Mapping luaO_nilobject_                          ST000083
Mapping lua_checkstack                           ST000084
Mapping lua_xmove                                ST000085
Mapping lua_atpanic                              ST000086
Mapping lua_version                              ST000087
Mapping lua_absindex                             ST000088
Mapping lua_gettop                               ST000089
Mapping lua_settop                               ST000090
Mapping lua_rotate                               ST000091
Mapping lua_pushvalue                            ST000092
Mapping lua_typename                             ST000093
Mapping lua_iscfunction                          ST000094
Mapping lua_isinteger                            ST000095
Mapping lua_isnumber                             ST000096
Mapping lua_isstring                             ST000097
Mapping lua_isuserdata                           ST000098
Mapping lua_rawequal                             ST000099
Mapping lua_arith                                ST000100
Mapping lua_compare                              ST000101
Mapping lua_stringtonumber                       ST000102
Mapping lua_tonumberx                            ST000103
Mapping lua_tointegerx                           ST000104
Mapping lua_toboolean                            ST000105
Mapping lua_tolstring                            ST000106
Mapping lua_rawlen                               ST000107
Mapping lua_tocfunction                          ST000108
Mapping lua_touserdata                           ST000109
Mapping lua_tothread                             ST000110
Mapping lua_topointer                            ST000111
Mapping lua_pushnil                              ST000112
Mapping lua_pushnumber                           ST000113
Mapping lua_pushinteger                          ST000114
Mapping lua_pushlstring                          ST000115
Mapping lua_pushstring                           ST000116
Mapping lua_pushvfstring                         ST000117
Mapping lua_pushfstring                          ST000118
Mapping lua_pushcclosure                         ST000119
Mapping lua_pushboolean                          ST000120
Mapping lua_pushlightuserdata                    ST000121
Mapping lua_pushthread                           ST000122
Mapping lua_getglobal                            ST000123
Mapping lua_gettable                             ST000124
Mapping lua_getfield                             ST000125
Mapping lua_rawget                               ST000126
Mapping lua_rawgeti                              ST000127
Mapping lua_rawgetp                              ST000128
Mapping lua_createtable                          ST000129
Mapping lua_getmetatable                         ST000130
Mapping lua_getuservalue                         ST000131
Mapping lua_setglobal                            ST000132
Mapping lua_settable                             ST000133
Mapping lua_setfield                             ST000134
Mapping lua_rawset                               ST000135
Mapping lua_rawseti                              ST000136
Mapping lua_rawsetp                              ST000137
Mapping lua_setmetatable                         ST000138
Mapping lua_setuservalue                         ST000139
Mapping lua_callk                                ST000140
Mapping lua_pcallk                               ST000141
Mapping lua_status                               ST000142
Mapping lua_error                                ST000143
Mapping lua_concat                               ST000144
Mapping lua_getallocf                            ST000145
Mapping lua_setallocf                            ST000146
Mapping lua_newuserdata                          ST000147
Mapping lua_getupvalue                           ST000148
Mapping lua_setupvalue                           ST000149
Mapping lua_upvalueid                            ST000150
Mapping lua_upvaluejoin                          ST000151
Mapping lua_ident                                ST000152
Mapping lua_getinfo                              ST000153
Mapping lua_getstack                             ST000154
Mapping lua_newstate                             ST000155
Mapping luaL_traceback                           ST000156
Mapping luaL_argerror                            ST000157
Mapping luaL_where                               ST000158
Mapping luaL_error                               ST000159
Mapping luaL_fileresult                          ST000160
Mapping luaL_execresult                          ST000161
Mapping luaL_newmetatable                        ST000162
Mapping luaL_setmetatable                        ST000163
Mapping luaL_testudata                           ST000164
Mapping luaL_checkudata                          ST000165
Mapping luaL_checkoption                         ST000166
Mapping luaL_checkstack                          ST000167
Mapping luaL_checktype                           ST000168
Mapping luaL_checkany                            ST000169
Mapping luaL_checklstring                        ST000170
Mapping luaL_optlstring                          ST000171
Mapping luaL_checknumber                         ST000172
Mapping luaL_optnumber                           ST000173
Mapping luaL_checkinteger                        ST000174
Mapping luaL_optinteger                          ST000175
Mapping luaL_prepbuffsize                        ST000176
Mapping luaL_addlstring                          ST000177
Mapping luaL_addstring                           ST000178
Mapping luaL_pushresult                          ST000179
Mapping luaL_pushresultsize                      ST000180
Mapping luaL_addvalue                            ST000181
Mapping luaL_buffinit                            ST000182
Mapping luaL_buffinitsize                        ST000183
Mapping luaL_unref                               ST000184
Mapping luaL_loadfilex                           ST000185
Mapping luaL_loadbufferx                         ST000186
Mapping luaL_loadstring                          ST000187
Mapping luaL_getmetafield                        ST000188
Mapping luaL_callmeta                            ST000189
Mapping luaL_tolstring                           ST000190
Mapping luaL_setfuncs                            ST000191
Mapping luaL_getsubtable                         ST000192
Mapping luaL_requiref                            ST000193
Mapping luaL_gsub                                ST000194
Mapping luaL_newstate                            ST000195
Mapping luaL_checkversion_                       ST000196
Mapping luaopen_base                             ST000197
Mapping luaopen_bit32                            ST000198
Mapping luaP_opmodes                             ST000199
Mapping luaX_syntaxerror                         ST000200
Mapping luaM_growaux_                            ST000201
Mapping luaK_concat                              ST000202
Mapping luaK_jump                                ST000203
Mapping luaK_getlabel                            ST000204
Mapping luaK_patchtohere                         ST000205
Mapping luaK_patchlist                           ST000206
Mapping luaK_patchclose                          ST000207
Mapping luaK_codeABC                             ST000208
Mapping luaK_codeABx                             ST000209
Mapping luaK_codek                               ST000210
Mapping luaK_checkstack                          ST000211
Mapping luaK_reserveregs                         ST000212
Mapping luaK_stringK                             ST000213
Mapping luaK_intK                                ST000214
Mapping luaK_setreturns                          ST000215
Mapping luaK_setoneret                           ST000216
Mapping luaK_dischargevars                       ST000217
Mapping luaK_exp2nextreg                         ST000218
Mapping luaK_exp2anyreg                          ST000219
Mapping luaK_exp2anyregup                        ST000220
Mapping luaK_exp2val                             ST000221
Mapping luaK_exp2RK                              ST000222
Mapping luaK_storevar                            ST000223
Mapping luaK_self                                ST000224
Mapping luaK_goiftrue                            ST000225
Mapping luaK_goiffalse                           ST000226
Mapping luaK_indexed                             ST000227
Mapping luaK_prefix                              ST000228
Mapping luaK_infix                               ST000229
Mapping luaK_posfix                              ST000230
Mapping luaK_fixline                             ST000231
Mapping luaK_setlist                             ST000232
Mapping lua_isyieldable                          ST000233
Mapping lua_resume                               ST000234
Mapping lua_yieldk                               ST000235
Mapping lua_newthread                            ST000236
Mapping luaopen_coroutine                        ST000237
Mapping lua_gethookcount                         ST000238
Mapping lua_gethookmask                          ST000239
Mapping lua_gethook                              ST000240
Mapping lua_sethook                              ST000241
Mapping lua_setlocal                             ST000242
Mapping lua_getlocal                             ST000243
Mapping luaopen_debug                            ST000244
Mapping luaF_getlocalname                        ST000245
Mapping luaD_throw                               ST000246
Mapping luaD_hook                                ST000247
Mapping luaT_objtypename                         ST000248
Mapping luaO_chunkid                             ST000249
Mapping luaO_pushfstring                         ST000250
Mapping luaG_typeerror                           ST000251
Mapping luaG_concaterror                         ST000252
Mapping luaG_opinterror                          ST000253
Mapping luaG_tointerror                          ST000254
Mapping luaG_ordererror                          ST000255
Mapping luaG_addinfo                             ST000256
Mapping luaG_runerror                            ST000257
Mapping luaG_traceexec                           ST000258
Mapping luaV_execute                             ST000259
Mapping luaV_finishOp                            ST000260
Mapping luaU_undump                              ST000261
Mapping luaY_parser                              ST000262
Mapping luaF_close                               ST000263
Mapping luaF_initupvals                          ST000264
Mapping luaE_shrinkCI                            ST000265
Mapping luaE_freeCI                              ST000266
Mapping luaE_extendCI                            ST000267
Mapping luaZ_fill                                ST000268
Mapping luaM_realloc_                            ST000269
Mapping luaM_toobig                              ST000270
Mapping luaT_gettmbyobj                          ST000271
Mapping luaD_reallocstack                        ST000272
Mapping luaD_shrinkstack                         ST000273
Mapping luaD_inctop                              ST000274
Mapping luaD_poscall                             ST000275
Mapping luaD_precall                             ST000276
Mapping luaC_newobj                              ST000277
Mapping luaF_newLclosure                         ST000278
Mapping luaF_findupval                           ST000279
Mapping luaF_newproto                            ST000280
Mapping luaF_freeproto                           ST000281
Mapping luaH_free                                ST000282
Mapping luaS_remove                              ST000283
Mapping luaS_clearcache                          ST000284
Mapping luaS_resize                              ST000285
Mapping luaE_freethread                          ST000286
Mapping luaT_gettm                               ST000287
Mapping luaC_freeallobjects                      ST000288
Mapping luaC_runtilstate                         ST000289
Mapping luaopen_package                          ST000290
Mapping luaopen_math                             ST000291
Mapping luaopen_utf8                             ST000292
Mapping luaopen_string                           ST000293
Mapping luaopen_os                               ST000294
Mapping luaopen_io                               ST000295
Mapping luaopen_table                            ST000296
Mapping luaL_openlibs                            ST000297
Mapping luaO_hexavalue                           ST000298
Mapping luaO_utf8esc                             ST000299
Mapping luaX_init                                ST000300
Mapping luaX_token2str                           ST000301
Mapping luaX_newstring                           ST000302
Mapping luaX_setinput                            ST000303
Mapping luaX_next                                ST000304
Mapping luaX_lookahead                           ST000305
Mapping __infinity                               ST000306
Mapping luaV_shiftl                              ST000307
Mapping luaT_trybinTM                            ST000308
Mapping luaO_int2fb                              ST000309
Mapping luaO_fb2int                              ST000310
Mapping luaO_ceillog2                            ST000311
Mapping luaP_opnames                             ST000312
Mapping lua_close                                ST000313
Mapping localtime                                ST000314
Mapping luaS_init                                ST000315
Mapping luaS_hash                                ST000316
Mapping luaT_init                                ST000317
Mapping luaS_eqlngstr                            ST000318
Mapping luaS_hashlongstr                         ST000319
Mapping luaS_createlngstrobj                     ST000320
Mapping luaH_resizearray                         ST000321
Mapping luaH_newkey                              ST000322
Mapping luaH_getshortstr                         ST000323
Mapping luaT_callTM                              ST000324
Mapping luaT_callbinTM                           ST000325
Mapping luaT_callorderTM                         ST000326
Mapping luaZ_read                                ST000327
Mapping __udivdi3                                ST000328
Mapping _L_Sockets                               ST000329
Mapping _C_Sockets                               ST000330
Mapping _U_Sockets                               ST000331
Mapping athreadlock                              ST000332
Mapping athreadpost                              ST000333
Mapping athreadwait                              ST000334
Mapping athreaddtch                              ST000335
Mapping athreadstatus                            ST000336
Mapping athreadpri                               ST000337
Mapping athreadstart                             ST000338
Mapping threadstart                              ST000339
Mapping closesocket                              ST000340
Mapping ioctlsocket                              ST000341
Mapping SetNative                                ST000342
Mapping MYTERMONi                                ST000343
Mapping MYTERMFFi                                ST000344
Mapping panel_port                               ST000345
Mapping panel_running                            ST000346
Mapping _copysign                                ST000347
Mapping z_complete_write                         ST000348
Mapping __int_handles                            ST000349
Mapping __uss_generic                            ST000350
Mapping pushbackc                                ST000351
Mapping localtime_r                              ST000352
Mapping __malloc24                               ST000353
Mapping __get_tmpddn                             ST000354
Mapping __get_ddndsnmemb                         ST000355
Mapping __dd_name                                ST000356
Mapping __libc_ussok                             ST000357
Mapping __getdcba                                ST000358
Mapping __setstow                                ST000359
Mapping _truncate                                ST000360
Mapping filelength                               ST000361
Mapping __malloc31                               ST000362
Mapping __libc_memvm                             ST000363
Mapping rawmemchr                                ST000364
Mapping __rawmemchr                              ST000365
Mapping _CIB_STOP                                ST000366
Mapping _write2log                               ST000367
Mapping _write2op                                ST000368
Mapping _write2opr                               ST000369
Mapping _setjmp_stae                             ST000370
Mapping _setjmp_canc                             ST000371
Mapping _setstax_canc                            ST000372
Mapping _testauth                                ST000373
Mapping __strerror_r                             ST000374
Mapping vsnprintf                                ST000375
Mapping __subtask                                ST000376
Mapping WSAGetLastError                          ST000377
Mapping ascii2ebcdic                             ST000378
Mapping ebcdic2ascii                             ST000379
Mapping inet_addr                                ST000380
Mapping inet_aton                                ST000381
Mapping gethostid                                ST000382
Mapping gethostname                              ST000383
Mapping getpeername                              ST000384
Mapping getsockname                              ST000385
Mapping getsockopt                               ST000386
Mapping readsocket                               ST000387
Mapping setsockopt                               ST000388
Mapping writesocket                              ST000389
Mapping getclientid                              ST000390
Mapping givesocket                               ST000391
Mapping takesocket                               ST000392
Mapping getibmopt                                ST000393
Mapping gethostbyname                            ST000394
Mapping gethostbyaddr                            ST000395
Mapping give_task                                ST000396
Mapping give_easy                                ST000397
Mapping take_easy                                ST000398
Mapping __jcc_FD_SETSIZE                         ST000399
Mapping _fflushall                               ST000400
Mapping fcloseall                                ST000401
Mapping strcasecmp                               ST000402
Mapping strncasecmp                              ST000403
Mapping InitialiseCriticalSection                ST000404
Mapping beginthread                              ST000405
Mapping threadstatus                             ST000406
Mapping threadpriority                           ST000407
Mapping syncthread                               ST000408
Mapping systemTSO                                ST000409
Mapping CreateEvent                              ST000410
Mapping ResetEvent                               ST000411
Mapping EventStatus                              ST000412
Mapping WaitForSingleEvent                       ST000413
Mapping WaitForMultipleEvents                    ST000414
Mapping CloseEvent                               ST000415
Mapping gettimeofday                             ST000416

Linking <../objs\crt0.obj>
Linking <dummydefs.obj>
Linking <lapi.obj>
Linking <lauxlib.obj>
Linking <lbaselib.obj>
Linking <lbitlib.obj>
Linking <lcode.obj>
Linking <lcorolib.obj>
Linking <lctype.obj>
Linking <ldblib.obj>
Linking <ldebug.obj>
Linking <ldo.obj>
Linking <ldump.obj>
Linking <lfunc.obj>
Linking <lgc.obj>
Linking <linit.obj>
Linking <liolib.obj>
Linking <llex.obj>
Linking <lmathlib.obj>
Linking <lmem.obj>
Linking <loadlib.obj>
Linking <lobject.obj>
Linking <lopcodes.obj>
Linking <loslib.obj>
Linking <lparser.obj>
Linking <lstate.obj>
Linking <lstring.obj>
Linking <lstrlib.obj>
Linking <ltable.obj>
Linking <ltablib.obj>
Linking <ltm.obj>
Linking <lundump.obj>
Linking <lutf8lib.obj>
Linking <lvm.obj>
Linking <lzio.obj>
Linking <luac.obj>
Linking <../objs\@div64.obj>
Linking <../objs\abs.obj>
Linking <../objs\acos.obj>
Linking <../objs\amalloc.obj>
Linking <../objs\args.obj>
Linking <../objs\asin.obj>
Linking <../objs\atan.obj>
Linking <../objs\atan2.obj>
Linking <../objs\athreads.obj>
Linking <../objs\ceil.obj>
Linking <../objs\cos.obj>
Linking <../objs\ctype.obj>
Linking <../objs\div.obj>
Linking <../objs\div64.obj>
Linking <../objs\exdyn76.obj>
Linking <../objs\exp.obj>
Linking <../objs\fabs.obj>
Linking <../objs\float.obj>
Linking <../objs\floor.obj>
Linking <../objs\fltdigit.obj>
Linking <../objs\fmod.obj>
Linking <../objs\fprintf.obj>
Linking <../objs\frexp.obj>
Linking <../objs\fstrstr.obj>
Linking <../objs\getenv.obj>
Linking <../objs\gets.obj>
Linking <../objs\gmtime.obj>
Linking <../objs\io.obj>
Linking <../objs\iomvs.obj>
Linking <../objs\ldexp.obj>
Linking <../objs\log.obj>
Linking <../objs\log10.obj>
Linking <../objs\lowlevio.obj>
Linking <../objs\lseek.obj>
Linking <../objs\malloc.obj>
Linking <../objs\mktime.obj>
Linking <../objs\modf.obj>
Linking <../objs\pow.obj>
Linking <../objs\printf.obj>
Linking <../objs\rand.obj>
Linking <../objs\realloc.obj>
Linking <../objs\rename.obj>
Linking <../objs\setjmp.obj>
Linking <../objs\sin.obj>
Linking <../objs\sincos.obj>
Linking <../objs\sprintf.obj>
Linking <../objs\sqrt.obj>
Linking <../objs\sstrstr.obj>
Linking <../objs\stdio.obj>
Linking <../objs\strcat.obj>
Linking <../objs\strchr.obj>
Linking <../objs\strcmp.obj>
Linking <../objs\strerror.obj>
Linking <../objs\strftime.obj>
Linking <../objs\strlwr.obj>
Linking <../objs\strpbrk.obj>
Linking <../objs\strspn.obj>
Linking <../objs\strstr.obj>
Linking <../objs\strtol.obj>
Linking <../objs\strupr.obj>
Linking <../objs\tan.obj>
Linking <../objs\tancot.obj>
Linking <../objs\threads.obj>
Linking <../objs\time.obj>
Linking <../objs\tolower.obj>
Linking <../objs\toupper.obj>
Linking <../objs\unlink.obj>
Linking <../objs\vfprintf.obj>
Linking <../objs\vsprintf.obj>
Linking <../objs\ussio.obj>
PLK-RC:0, Total Time:22ms

